// Jest Snapshot v1, https://goo.gl/fbAQLP

exports[`rollup loader should convert file with babel 1`] = `
"\\"use strict\\";

function _typeof(obj) { \\"@babel/helpers - typeof\\"; return _typeof = \\"function\\" == typeof Symbol && \\"symbol\\" == typeof Symbol.iterator ? function (obj) { return typeof obj; } : function (obj) { return obj && \\"function\\" == typeof Symbol && obj.constructor === Symbol && obj !== Symbol.prototype ? \\"symbol\\" : typeof obj; }, _typeof(obj); }
Object.defineProperty(exports, \\"__esModule\\", {
  value: true
});
exports[\\"default\\"] = void 0;
var React = _interopRequireWildcard(require(\\"react\\"));
function _getRequireWildcardCache(nodeInterop) { if (typeof WeakMap !== \\"function\\") return null; var cacheBabelInterop = new WeakMap(); var cacheNodeInterop = new WeakMap(); return (_getRequireWildcardCache = function _getRequireWildcardCache(nodeInterop) { return nodeInterop ? cacheNodeInterop : cacheBabelInterop; })(nodeInterop); }
function _interopRequireWildcard(obj, nodeInterop) { if (!nodeInterop && obj && obj.__esModule) { return obj; } if (obj === null || _typeof(obj) !== \\"object\\" && typeof obj !== \\"function\\") { return { \\"default\\": obj }; } var cache = _getRequireWildcardCache(nodeInterop); if (cache && cache.has(obj)) { return cache.get(obj); } var newObj = {}; var hasPropertyDescriptor = Object.defineProperty && Object.getOwnPropertyDescriptor; for (var key in obj) { if (key !== \\"default\\" && Object.prototype.hasOwnProperty.call(obj, key)) { var desc = hasPropertyDescriptor ? Object.getOwnPropertyDescriptor(obj, key) : null; if (desc && (desc.get || desc.set)) { Object.defineProperty(newObj, key, desc); } else { newObj[key] = obj[key]; } } } newObj[\\"default\\"] = obj; if (cache) { cache.set(obj, newObj); } return newObj; }
function _extends() { _extends = Object.assign ? Object.assign.bind() : function (target) { for (var i = 1; i < arguments.length; i++) { var source = arguments[i]; for (var key in source) { if (Object.prototype.hasOwnProperty.call(source, key)) { target[key] = source[key]; } } } return target; }; return _extends.apply(this, arguments); }
var SvgDino = function SvgDino(props) {
  return /*#__PURE__*/React.createElement(\\"svg\\", _extends({
    xmlns: \\"http://www.w3.org/2000/svg\\",
    viewBox: \\"0 0 500 414.46\\",
    width: 200
  }, props), /*#__PURE__*/React.createElement(\\"title\\", null, \\"dino\\"), /*#__PURE__*/React.createElement(\\"path\\", {
    d: \\"M133.69 256.8h-58c7.61-20.46 25.64-28.78 35-45.75-17.41-7.91-35.29-2-52.37-3.91-4.76-.52-11.55 1.95-12.86-4.74-.6-3.09 2.89-7.59 5.51-10.6 8.34-9.57 17.15-18.74 30.93-33.63-22.73 0-39.29-.09-55.84 0-10.74.08-16.4-4.14-7.2-13C57.05 108.24 87 62.32 134.46 35.32c39-22.14 79.91-31.45 123.76-15.18a123.51 123.51 0 0 0 60.72 6.71c23.58-3.11 43.19 6.3 49.79 31 5.75 21.58 19.44 33.48 39.24 40.65 11.3 4.1 22.39 8.81 33.53 13.35 45.5 18.6 59.5 69.61 30.21 110.25-13.63 18.9-59.71 34.51-83.43 27.24-13.33-4.08-26.55-7-40.52-6.78-33.2.47-52.75 16.75-59.78 49-6.67 30.56-6.49 61.72-7.83 92.6-1 22.2-7.58 23.35-26.54 16.32-43.44-16.1-81.35-40.38-117-69.37-16.91-13.74-24.93-27-11.84-47.67 4.32-6.88 5.42-15.82 8.92-26.64z\\",
    fill: \\"#0d0e0e\\"
  }));
};
var _default = SvgDino;
exports[\\"default\\"] = _default;"
`;

exports[`rollup loader should convert file with babel, with jsxRuntime 1`] = `
"\\"use strict\\";

function _typeof(obj) { \\"@babel/helpers - typeof\\"; return _typeof = \\"function\\" == typeof Symbol && \\"symbol\\" == typeof Symbol.iterator ? function (obj) { return typeof obj; } : function (obj) { return obj && \\"function\\" == typeof Symbol && obj.constructor === Symbol && obj !== Symbol.prototype ? \\"symbol\\" : typeof obj; }, _typeof(obj); }
Object.defineProperty(exports, \\"__esModule\\", {
  value: true
});
exports[\\"default\\"] = void 0;
var _jsxRuntime = require(\\"react/jsx-runtime\\");
function ownKeys(object, enumerableOnly) { var keys = Object.keys(object); if (Object.getOwnPropertySymbols) { var symbols = Object.getOwnPropertySymbols(object); enumerableOnly && (symbols = symbols.filter(function (sym) { return Object.getOwnPropertyDescriptor(object, sym).enumerable; })), keys.push.apply(keys, symbols); } return keys; }
function _objectSpread(target) { for (var i = 1; i < arguments.length; i++) { var source = null != arguments[i] ? arguments[i] : {}; i % 2 ? ownKeys(Object(source), !0).forEach(function (key) { _defineProperty(target, key, source[key]); }) : Object.getOwnPropertyDescriptors ? Object.defineProperties(target, Object.getOwnPropertyDescriptors(source)) : ownKeys(Object(source)).forEach(function (key) { Object.defineProperty(target, key, Object.getOwnPropertyDescriptor(source, key)); }); } return target; }
function _defineProperty(obj, key, value) { key = _toPropertyKey(key); if (key in obj) { Object.defineProperty(obj, key, { value: value, enumerable: true, configurable: true, writable: true }); } else { obj[key] = value; } return obj; }
function _toPropertyKey(arg) { var key = _toPrimitive(arg, \\"string\\"); return _typeof(key) === \\"symbol\\" ? key : String(key); }
function _toPrimitive(input, hint) { if (_typeof(input) !== \\"object\\" || input === null) return input; var prim = input[Symbol.toPrimitive]; if (prim !== undefined) { var res = prim.call(input, hint || \\"default\\"); if (_typeof(res) !== \\"object\\") return res; throw new TypeError(\\"@@toPrimitive must return a primitive value.\\"); } return (hint === \\"string\\" ? String : Number)(input); }
var SvgDino = function SvgDino(props) {
  return /*#__PURE__*/(0, _jsxRuntime.jsxs)(\\"svg\\", _objectSpread(_objectSpread({
    xmlns: \\"http://www.w3.org/2000/svg\\",
    viewBox: \\"0 0 500 414.46\\",
    width: 200
  }, props), {}, {
    children: [/*#__PURE__*/(0, _jsxRuntime.jsx)(\\"title\\", {
      children: \\"dino\\"
    }), /*#__PURE__*/(0, _jsxRuntime.jsx)(\\"path\\", {
      d: \\"M133.69 256.8h-58c7.61-20.46 25.64-28.78 35-45.75-17.41-7.91-35.29-2-52.37-3.91-4.76-.52-11.55 1.95-12.86-4.74-.6-3.09 2.89-7.59 5.51-10.6 8.34-9.57 17.15-18.74 30.93-33.63-22.73 0-39.29-.09-55.84 0-10.74.08-16.4-4.14-7.2-13C57.05 108.24 87 62.32 134.46 35.32c39-22.14 79.91-31.45 123.76-15.18a123.51 123.51 0 0 0 60.72 6.71c23.58-3.11 43.19 6.3 49.79 31 5.75 21.58 19.44 33.48 39.24 40.65 11.3 4.1 22.39 8.81 33.53 13.35 45.5 18.6 59.5 69.61 30.21 110.25-13.63 18.9-59.71 34.51-83.43 27.24-13.33-4.08-26.55-7-40.52-6.78-33.2.47-52.75 16.75-59.78 49-6.67 30.56-6.49 61.72-7.83 92.6-1 22.2-7.58 23.35-26.54 16.32-43.44-16.1-81.35-40.38-117-69.37-16.91-13.74-24.93-27-11.84-47.67 4.32-6.88 5.42-15.82 8.92-26.64z\\",
      fill: \\"#0d0e0e\\"
    })]
  }));
};
var _default = SvgDino;
exports[\\"default\\"] = _default;"
`;

exports[`rollup loader should convert file without babel 1`] = `
"import * as React from \\"react\\";
const SvgDino = props => <svg xmlns=\\"http://www.w3.org/2000/svg\\" viewBox=\\"0 0 500 414.46\\" width={200} {...props}><title>{\\"dino\\"}</title><path d=\\"M133.69 256.8h-58c7.61-20.46 25.64-28.78 35-45.75-17.41-7.91-35.29-2-52.37-3.91-4.76-.52-11.55 1.95-12.86-4.74-.6-3.09 2.89-7.59 5.51-10.6 8.34-9.57 17.15-18.74 30.93-33.63-22.73 0-39.29-.09-55.84 0-10.74.08-16.4-4.14-7.2-13C57.05 108.24 87 62.32 134.46 35.32c39-22.14 79.91-31.45 123.76-15.18a123.51 123.51 0 0 0 60.72 6.71c23.58-3.11 43.19 6.3 49.79 31 5.75 21.58 19.44 33.48 39.24 40.65 11.3 4.1 22.39 8.81 33.53 13.35 45.5 18.6 59.5 69.61 30.21 110.25-13.63 18.9-59.71 34.51-83.43 27.24-13.33-4.08-26.55-7-40.52-6.78-33.2.47-52.75 16.75-59.78 49-6.67 30.56-6.49 61.72-7.83 92.6-1 22.2-7.58 23.35-26.54 16.32-43.44-16.1-81.35-40.38-117-69.37-16.91-13.74-24.93-27-11.84-47.67 4.32-6.88 5.42-15.82 8.92-26.64z\\" fill=\\"#0d0e0e\\" /></svg>;
export default SvgDino;"
`;

exports[`rollup loader should convert file without babel, exportType: "named" 1`] = `
"import * as React from \\"react\\";
const SvgDino = props => <svg xmlns=\\"http://www.w3.org/2000/svg\\" viewBox=\\"0 0 500 414.46\\" width={200} {...props}><title>{\\"dino\\"}</title><path d=\\"M133.69 256.8h-58c7.61-20.46 25.64-28.78 35-45.75-17.41-7.91-35.29-2-52.37-3.91-4.76-.52-11.55 1.95-12.86-4.74-.6-3.09 2.89-7.59 5.51-10.6 8.34-9.57 17.15-18.74 30.93-33.63-22.73 0-39.29-.09-55.84 0-10.74.08-16.4-4.14-7.2-13C57.05 108.24 87 62.32 134.46 35.32c39-22.14 79.91-31.45 123.76-15.18a123.51 123.51 0 0 0 60.72 6.71c23.58-3.11 43.19 6.3 49.79 31 5.75 21.58 19.44 33.48 39.24 40.65 11.3 4.1 22.39 8.81 33.53 13.35 45.5 18.6 59.5 69.61 30.21 110.25-13.63 18.9-59.71 34.51-83.43 27.24-13.33-4.08-26.55-7-40.52-6.78-33.2.47-52.75 16.75-59.78 49-6.67 30.56-6.49 61.72-7.83 92.6-1 22.2-7.58 23.35-26.54 16.32-43.44-16.1-81.35-40.38-117-69.37-16.91-13.74-24.93-27-11.84-47.67 4.32-6.88 5.42-15.82 8.92-26.64z\\" fill=\\"#0d0e0e\\" /></svg>;
export { SvgDino as ReactComponent };"
`;

exports[`rollup loader should convert file without babel, native: true 1`] = `
"import * as React from \\"react\\";
import Svg, { Path } from \\"react-native-svg\\";
/* SVGR has dropped some elements not supported by react-native-svg: title */
const SvgDino = props => <Svg xmlns=\\"http://www.w3.org/2000/svg\\" viewBox=\\"0 0 500 414.46\\" width={200} {...props}><Path d=\\"M133.69 256.8h-58c7.61-20.46 25.64-28.78 35-45.75-17.41-7.91-35.29-2-52.37-3.91-4.76-.52-11.55 1.95-12.86-4.74-.6-3.09 2.89-7.59 5.51-10.6 8.34-9.57 17.15-18.74 30.93-33.63-22.73 0-39.29-.09-55.84 0-10.74.08-16.4-4.14-7.2-13C57.05 108.24 87 62.32 134.46 35.32c39-22.14 79.91-31.45 123.76-15.18a123.51 123.51 0 0 0 60.72 6.71c23.58-3.11 43.19 6.3 49.79 31 5.75 21.58 19.44 33.48 39.24 40.65 11.3 4.1 22.39 8.81 33.53 13.35 45.5 18.6 59.5 69.61 30.21 110.25-13.63 18.9-59.71 34.51-83.43 27.24-13.33-4.08-26.55-7-40.52-6.78-33.2.47-52.75 16.75-59.78 49-6.67 30.56-6.49 61.72-7.83 92.6-1 22.2-7.58 23.35-26.54 16.32-43.44-16.1-81.35-40.38-117-69.37-16.91-13.74-24.93-27-11.84-47.67 4.32-6.88 5.42-15.82 8.92-26.64z\\" fill=\\"#0d0e0e\\" /></Svg>;
export default SvgDino;"
`;
